..................................................
..................................................
...........                            ...........
...........  ╔════════ Quit ════════╗    .........
...........  ║ Do you want to quit? ║    .........
...........  ║      Yes    No       ║    .........
...........  ╚══════════════════════╝    .........
...........                              .........
.............                            .........
..................................................

pppppppppppppppppppppppppppppppppppppppppppppppppp
pppppppppppppppppppppppppppppppppppppppppppppppppp
pppppppppppggggggggggggggggggggggggggggppppppppppp
pppppppppppggGGGGGGGGGGGGGGGGGGGGGGGGggxxppppppppp
pppppppppppggGggggggggggggggggggggggGggxxppppppppp
pppppppppppggGgggggBBBBBggbbbbggggggGggxxppppppppp
pppppppppppggGGGGGGGGGGGGGGGGGGGGGGGGggxxppppppppp
pppppppppppggggggggggggggggggggggggggggxxppppppppp
pppppppppppppxxxxxxxxxxxxxxxxxxxxxxxxxxxxppppppppp
pppppppppppppppppppppppppppppppppppppppppppppppppp
