............................................................
............................................................
......                                                ......
......  ╔═════════════════ Select ═════════════════╗    ....
......  ║ *.go                                     ║    ....
......  ║               OK    Cancel               ║    ....
......  ╚══════════════════════════════════════════╝    ....
......                                                  ....
........                                                ....
............................................................

pppppppppppppppppppppppppppppppppppppppppppppppppppppppppppp
pppppppppppppppppppppppppppppppppppppppppppppppppppppppppppp
ppppppggggggggggggggggggggggggggggggggggggggggggggggggpppppp
ppppppggGGGGGGGGGGGGGGGGGGGGGGGGGGGGGGGGGGGGGGGGGGGGggxxpppp
ppppppggGgccccccccccccccccccccccccccccccccccccccccgGggxxpppp
ppppppggGggggggggggggggBBBBggbbbbbbbbggggggggggggggGggxxpppp
ppppppggGGGGGGGGGGGGGGGGGGGGGGGGGGGGGGGGGGGGGGGGGGGGggxxpppp
ppppppggggggggggggggggggggggggggggggggggggggggggggggggxxpppp
ppppppppxxxxxxxxxxxxxxxxxxxxxxxxxxxxxxxxxxxxxxxxxxxxxxxxpppp
pppppppppppppppppppppppppppppppppppppppppppppppppppppppppppp
