   Left    Files    Right                         
..╔════════════════════╗..........................
..║√Brief              ║  ........................
..║ Full               ║  ........................
..╟────────────────────╢  ........................
..║ Re-read  Control-R ║  ........................
..╚════════════════════╝  ........................
....                      ........................
..................................................
..................................................

ccwwwwwwcccccccccccccccccccccccccccccccccccccccccc
ppccccccccccccccccccccccpppppppppppppppppppppppppp
ppccccccccccccccccccccccxxpppppppppppppppppppppppp
ppcwwwwwwwwwwwwwwwwwwwwcxxpppppppppppppppppppppppp
ppccccccccccccccccccccccxxpppppppppppppppppppppppp
ppccccccccccccccccccccccxxpppppppppppppppppppppppp
ppccccccccccccccccccccccxxpppppppppppppppppppppppp
ppppxxxxxxxxxxxxxxxxxxxxxxpppppppppppppppppppppppp
pppppppppppppppppppppppppppppppppppppppppppppppppp
pppppppppppppppppppppppppppppppppppppppppppppppppp
