                                                                                
                                                                                
                                                                                
                                                                                
                                                                                
                                                                                
                                                                                
                                                                                
                                                                                
             ╔═══════════════════════ Copy ═══════════════════════╗             
             ║ autoexec.bat                                       ║             
             ║ █████████████████████████░░░░░░░░░░░░░░░░░░░░░░░░░ ║             
             ║ █████████████░░░░░░░░░░░░░░░░░░░░░░░░░░░░░░░░░░░░░ ║             
             ║                       Cancel                       ║             
             ╚════════════════════════════════════════════════════╝             
                                                                                
                                                                                
                                                                                
                                                                                
                                                                                
                                                                                
                                                                                
                                                                                
                                                                                
                                                                                

................................................................................
................................................................................
................................................................................
................................................................................
................................................................................
................................................................................
................................................................................
................................................................................
...........gggggggggggggggggggggggggggggggggggggggggggggggggggggggggg...........
...........ggGGGGGGGGGGGGGGGGGGGGGGGGGGGGGGGGGGGGGGGGGGGGGGGGGGGGGGggxx.........
...........ggGggggggggggggggggggggggggggggggggggggggggggggggggggggGggxx.........
...........ggGggggggggggggggggggggggggggggggggggggggggggggggggggggGggxx.........
...........ggGggggggggggggggggggggggggggggggggggggggggggggggggggggGggxx.........
...........ggGggggggggggggggggggggggBBBBBBBBggggggggggggggggggggggGggxx.........
...........ggGGGGGGGGGGGGGGGGGGGGGGGGGGGGGGGGGGGGGGGGGGGGGGGGGGGGGGggxx.........
...........ggggggggggggggggggggggggggggggggggggggggggggggggggggggggggxx.........
.............xxxxxxxxxxxxxxxxxxxxxxxxxxxxxxxxxxxxxxxxxxxxxxxxxxxxxxxxxx.........
................................................................................
................................................................................
................................................................................
................................................................................
................................................................................
................................................................................
................................................................................
................................................................................
