╔════════════╤════ ~ ═════╤════════════╗╔════════════╤═ ~/GAMES ════════╤══════╗
║    Name    │    Name    │    Name    ║║    Name    │  Size   │  Date  │ Time ║
║..          │            │            ║║..          │►UP--DIR◄│ 5-31-94│ 6:22a║
║DOS         │            │            ║║CIV         │►SUB-DIR◄│ 5-31-94│ 6:22a║
║GAMES       │            │            ║║tetris   exe│    42001│ 5-31-94│ 6:22a║
║autoexec bat│            │            ║║            │         │        │      ║
║config   sys│            │            ║║            │         │        │      ║
║            │            │            ║║            │         │        │      ║
║            │            │            ║║            │         │        │      ║
║            │                                                 │        │      ║
║            │    ╔══════════ Terminal Commander ═══════════╗           │      ║
║            │    ║ Do you want to quit Terminal Commander? ║           │      ║
║            │    ║                Yes    No                ║           │      ║
║            │    ╚═════════════════════════════════════════╝           │      ║
║            │                                                          │      ║
║            │                                                          │      ║
║            │            │            ║║            │         │        │      ║
║            │            │            ║║            │         │        │      ║
║            │            │            ║║            │         │        │      ║
║            │            │            ║║            │         │        │      ║
╟────────────┴────────────┴────────────╢╟────────────┴─────────┴────────┴──────╢
║config.sys          13  5-31-94  6:22a║║CIV          ►SUB-DIR◄  5-31-94  6:22a║
╚══════════════════════════════════════╝╚══════════════════════════════════════╝
~>                                                                              
1Help   2Menu   3View   4Edit   5Copy   6RenMov 7Mkdir  8Delete 9PullDn 10Quit  

ppppppppppppppppppcccppppppppppppppppppppppppppppppppppppppppppppppppppppppppppp
pppppyyyypppppppppyyyypppppppppyyyyppppppppppyyyypppppppyyyyppppppyyyyppppyyyypp
pppppppppppppppppppppppppppppppppppppppppppppppppppppppppppppppppppppppppppppppp
pppppppppppppppppppppppppppppppppppppppppppppppppppppppppppppppppppppppppppppppp
pppppppppppppppppppppppppppppppppppppppppppppppppppppppppppppppppppppppppppppppp
pppppppppppppppppppppppppppppppppppppppppppppppppppppppppppppppppppppppppppppppp
pccccccccccccppppppppppppppppppppppppppppppppppppppppppppppppppppppppppppppppppp
pppppppppppppppppppppppppppppppppppppppppppppppppppppppppppppppppppppppppppppppp
pppppppppppppppppppppppppppppppppppppppppppppppppppppppppppppppppppppppppppppppp
ppppppppppppppppgggggggggggggggggggggggggggggggggggggggggggggggppppppppppppppppp
ppppppppppppppppggGGGGGGGGGGGGGGGGGGGGGGGGGGGGGGGGGGGGGGGGGGGggxxppppppppppppppp
ppppppppppppppppggGgggggggggggggggggggggggggggggggggggggggggGggxxppppppppppppppp
ppppppppppppppppggGgggggggggggggggBBBBBggbbbbgggggggggggggggGggxxppppppppppppppp
ppppppppppppppppggGGGGGGGGGGGGGGGGGGGGGGGGGGGGGGGGGGGGGGGGGGGggxxppppppppppppppp
ppppppppppppppppgggggggggggggggggggggggggggggggggggggggggggggggxxppppppppppppppp
ppppppppppppppppppxxxxxxxxxxxxxxxxxxxxxxxxxxxxxxxxxxxxxxxxxxxxxxxppppppppppppppp
pppppppppppppppppppppppppppppppppppppppppppppppppppppppppppppppppppppppppppppppp
pppppppppppppppppppppppppppppppppppppppppppppppppppppppppppppppppppppppppppppppp
pppppppppppppppppppppppppppppppppppppppppppppppppppppppppppppppppppppppppppppppp
pppppppppppppppppppppppppppppppppppppppppppppppppppppppppppppppppppppppppppppppp
pppppppppppppppppppppppppppppppppppppppppppppppppppppppppppppppppppppppppppppppp
pppppppppppppppppppppppppppppppppppppppppppppppppppppppppppppppppppppppppppppppp
pppppppppppppppppppppppppppppppppppppppppppppppppppppppppppppppppppppppppppppppp
kkkkkkkkkkkkkkkkkkkkkkkkkkkkkkkkkkkkkkkkkkkkkkkkkkkkkkkkkkkkkkkkkkkkkkkkkkkkkkkk
kccccccckccccccckccccccckccccccckccccccckccccccckccccccckccccccckccccccckkcccccc
