╔════════════╤═ ~/GAMES ══╤════════════╗
║    Name    │    Name    │    Name    ║
║..          │a-very-} txt│            ║
║CIV         │Makefile    │            ║
║LINES       │            │            ║
║autoexec bat│            │            ║
║command  com│            │            ║
║config   sys│            │            ║
║read     me │            │            ║
╟────────────┴────────────┴────────────╢
║     13 bytes in 1 selected files     ║
╚══════════════════════════════════════╝

pppppppppppppppcccccccccpppppppppppppppp
pppppyyyypppppppppyyyypppppppppyyyyppppp
pppppppppppppppppppppppppppppppppppppppp
pppppppppppppppppppppppppppppppppppppppp
pppppppppppppppppppppppppppppppppppppppp
pppppppppppppppppppppppppppppppppppppppp
pccccccccccccppppppppppppppppppppppppppp
pyyyyyyyyyyyyppppppppppppppppppppppppppp
pppppppppppppppppppppppppppppppppppppppp
pppppppppppppppppppppppppppppppppppppppp
ppppppyyyyyyyyyyyyyyyyyyyyyyyyyyyypppppp
pppppppppppppppppppppppppppppppppppppppp
