╔════════════╤═ ~/GAMES ════════╤══════╗
║    Name    │  Size   │  Date  │ Time ║
║..          │►UP--DIR◄│ 5-31-94│ 6:22a║
║CIV         │►SUB-DIR◄│ 5-31-94│ 6:22a║
║LINES       │►SUB-DIR◄│ 5-31-94│ 6:22a║
║autoexec bat│       13│ 5-31-94│ 6:22a║
║command  com│    54645│ 5-31-94│ 6:22a║
║config   sys│       13│ 5-31-94│ 6:22a║
║read     me │      577│ 5-31-94│ 6:22a║
╟────────────┴─────────┴────────┴──────╢
║     13 bytes in 1 selected files     ║
╚══════════════════════════════════════╝

pppppppppppppppcccccccccpppppppppppppppp
pppppyyyypppppppyyyyppppppyyyyppppyyyypp
pppppppppppppppppppppppppppppppppppppppp
pccccccccccccccccccccccccccccccccccccccp
pppppppppppppppppppppppppppppppppppppppp
pppppppppppppppppppppppppppppppppppppppp
pppppppppppppppppppppppppppppppppppppppp
pyyyyyyyyyyyypyyyyyyyyypyyyyyyyypyyyyyyp
pppppppppppppppppppppppppppppppppppppppp
pppppppppppppppppppppppppppppppppppppppp
ppppppyyyyyyyyyyyyyyyyyyyyyyyyyyyypppppp
pppppppppppppppppppppppppppppppppppppppp
